Analyzing file $DIR/mutex_lock.rs using DefinitelyAccessibleAnalysis...
Result for function lock():
{
  "bb0": [
    [
      [
        "state:",
        {
          "accessible": [],
          "owned": []
        },
        "statement: StorageLive(_1)"
      ]
    ],
    "state before terminator:",
    {
      "accessible": [],
      "owned": []
    },
    "terminator: _1 = std::sync::Mutex::<i32>::new(const 123_i32) -> [return: bb1, unwind: bb15]",
    {
      "bb1": [
        "state:",
        {
          "accessible": [
            "_1"
          ],
          "owned": [
            "_1"
          ]
        }
      ],
      "bb15": [
        "state:",
        {
          "accessible": [],
          "owned": []
        }
      ]
    }
  ],
  "bb1": [
    [
      [
        "state:",
        {
          "accessible": [
            "_1"
          ],
          "owned": [
            "_1"
          ]
        },
        "statement: FakeRead(ForLet(None), _1)"
      ],
      [
        "state:",
        {
          "accessible": [
            "_1"
          ],
          "owned": [
            "_1"
          ]
        },
        "statement: StorageLive(_3)"
      ],
      [
        "state:",
        {
          "accessible": [
            "_1"
          ],
          "owned": [
            "_1"
          ]
        },
        "statement: StorageLive(_4)"
      ],
      [
        "state:",
        {
          "accessible": [
            "_1"
          ],
          "owned": [
            "_1"
          ]
        },
        "statement: StorageLive(_5)"
      ],
      [
        "state:",
        {
          "accessible": [
            "_1"
          ],
          "owned": [
            "_1"
          ]
        },
        "statement: _5 = &_1"
      ]
    ],
    "state before terminator:",
    {
      "accessible": [
        "_1",
        "_5"
      ],
      "owned": [
        "_5"
      ]
    },
    "terminator: _4 = std::sync::Mutex::<i32>::lock(move _5) -> [return: bb2, unwind: bb15]",
    {
      "bb15": [
        "state:",
        {
          "accessible": [],
          "owned": []
        }
      ],
      "bb2": [
        "state:",
        {
          "accessible": [
            "_1",
            "_4"
          ],
          "owned": [
            "_4"
          ]
        }
      ]
    }
  ],
  "bb2": [
    [
      [
        "state:",
        {
          "accessible": [
            "_1",
            "_4"
          ],
          "owned": [
            "_4"
          ]
        },
        "statement: StorageDead(_5)"
      ],
      [
        "state:",
        {
          "accessible": [
            "_1",
            "_4"
          ],
          "owned": [
            "_4"
          ]
        },
        "statement: FakeRead(ForMatchedPlace(None), _4)"
      ],
      [
        "state:",
        {
          "accessible": [
            "_1",
            "_4"
          ],
          "owned": [
            "_4"
          ]
        },
        "statement: _6 = discriminant(_4)"
      ]
    ],
    "state before terminator:",
    {
      "accessible": [
        "_1",
        "_4",
        "_6"
      ],
      "owned": [
        "_4",
        "_6"
      ]
    },
    "terminator: switchInt(move _6) -> [0: bb3, otherwise: bb5]",
    {
      "bb3": [
        "state:",
        {
          "accessible": [
            "_1",
            "_4",
            "_6"
          ],
          "owned": [
            "_4",
            "_6"
          ]
        }
      ],
      "bb5": [
        "state:",
        {
          "accessible": [
            "_1",
            "_6"
          ],
          "owned": [
            "_6"
          ]
        }
      ]
    }
  ],
  "bb3": [
    [],
    "state before terminator:",
    {
      "accessible": [
        "_1",
        "_4",
        "_6"
      ],
      "owned": [
        "_4",
        "_6"
      ]
    },
    "terminator: falseEdge -> [real: bb4, imaginary: bb5]",
    {
      "bb4": [
        "state:",
        {
          "accessible": [
            "_1",
            "_4",
            "_6"
          ],
          "owned": [
            "_4",
            "_6"
          ]
        }
      ],
      "bb5": [
        "state:",
        {
          "accessible": [
            "_1",
            "_6"
          ],
          "owned": [
            "_6"
          ]
        }
      ]
    }
  ],
  "bb4": [
    [
      [
        "state:",
        {
          "accessible": [
            "_1",
            "_4",
            "_6"
          ],
          "owned": [
            "_4",
            "_6"
          ]
        },
        "statement: _3 = move ((_4 as Ok).0: std::sync::MutexGuard<'_, i32>)"
      ]
    ],
    "state before terminator:",
    {
      "accessible": [
        "_1",
        "_3",
        "_6"
      ],
      "owned": [
        "_3",
        "_6"
      ]
    },
    "terminator: drop(_4) -> [return: bb8, unwind: bb14]",
    {
      "bb14": [
        "state:",
        {
          "accessible": [],
          "owned": []
        }
      ],
      "bb8": [
        "state:",
        {
          "accessible": [
            "_1",
            "_3",
            "_6"
          ],
          "owned": [
            "_3",
            "_6"
          ]
        }
      ]
    }
  ],
  "bb5": [
    [],
    "state before terminator:",
    {
      "accessible": [
        "_1",
        "_6"
      ],
      "owned": [
        "_6"
      ]
    },
    "terminator: drop(_4) -> [return: bb6, unwind: bb14]",
    {
      "bb14": [
        "state:",
        {
          "accessible": [],
          "owned": []
        }
      ],
      "bb6": [
        "state:",
        {
          "accessible": [
            "_1",
            "_6"
          ],
          "owned": [
            "_1",
            "_6"
          ]
        }
      ]
    }
  ],
  "bb6": [
    [
      [
        "state:",
        {
          "accessible": [
            "_1",
            "_6"
          ],
          "owned": [
            "_1",
            "_6"
          ]
        },
        "statement: StorageDead(_4)"
      ]
    ],
    "state before terminator:",
    {
      "accessible": [
        "_1",
        "_6"
      ],
      "owned": [
        "_1",
        "_6"
      ]
    },
    "terminator: drop(_3) -> [return: bb7, unwind: bb15]",
    {
      "bb15": [
        "state:",
        {
          "accessible": [],
          "owned": []
        }
      ],
      "bb7": [
        "state:",
        {
          "accessible": [
            "_1",
            "_6"
          ],
          "owned": [
            "_1",
            "_6"
          ]
        }
      ]
    }
  ],
  "bb7": [
    [
      [
        "state:",
        {
          "accessible": [
            "_1",
            "_6"
          ],
          "owned": [
            "_1",
            "_6"
          ]
        },
        "statement: StorageDead(_3)"
      ],
      [
        "state:",
        {
          "accessible": [
            "_1",
            "_6"
          ],
          "owned": [
            "_1",
            "_6"
          ]
        },
        "statement: _0 = const ()"
      ],
      [
        "state:",
        {
          "accessible": [
            "_0",
            "_1",
            "_6"
          ],
          "owned": [
            "_0",
            "_1",
            "_6"
          ]
        },
        "statement: StorageDead(_1)"
      ]
    ],
    "state before terminator:",
    {
      "accessible": [
        "_0",
        "_6"
      ],
      "owned": [
        "_0",
        "_6"
      ]
    },
    "terminator: goto -> bb13",
    {
      "bb13": [
        "state:",
        {
          "accessible": [
            "_0",
            "_6"
          ],
          "owned": [
            "_0",
            "_6"
          ]
        }
      ]
    }
  ],
  "bb8": [
    [
      [
        "state:",
        {
          "accessible": [
            "_1",
            "_3",
            "_6"
          ],
          "owned": [
            "_3",
            "_6"
          ]
        },
        "statement: StorageDead(_4)"
      ],
      [
        "state:",
        {
          "accessible": [
            "_1",
            "_3",
            "_6"
          ],
          "owned": [
            "_3",
            "_6"
          ]
        },
        "statement: StorageLive(_7)"
      ],
      [
        "state:",
        {
          "accessible": [
            "_1",
            "_3",
            "_6"
          ],
          "owned": [
            "_3",
            "_6"
          ]
        },
        "statement: StorageLive(_8)"
      ],
      [
        "state:",
        {
          "accessible": [
            "_1",
            "_3",
            "_6"
          ],
          "owned": [
            "_3",
            "_6"
          ]
        },
        "statement: StorageLive(_9)"
      ],
      [
        "state:",
        {
          "accessible": [
            "_1",
            "_3",
            "_6"
          ],
          "owned": [
            "_3",
            "_6"
          ]
        },
        "statement: StorageLive(_10)"
      ],
      [
        "state:",
        {
          "accessible": [
            "_1",
            "_3",
            "_6"
          ],
          "owned": [
            "_3",
            "_6"
          ]
        },
        "statement: StorageLive(_11)"
      ],
      [
        "state:",
        {
          "accessible": [
            "_1",
            "_3",
            "_6"
          ],
          "owned": [
            "_3",
            "_6"
          ]
        },
        "statement: StorageLive(_12)"
      ],
      [
        "state:",
        {
          "accessible": [
            "_1",
            "_3",
            "_6"
          ],
          "owned": [
            "_3",
            "_6"
          ]
        },
        "statement: _12 = &_3"
      ]
    ],
    "state before terminator:",
    {
      "accessible": [
        "_1",
        "_3",
        "_6",
        "_12"
      ],
      "owned": [
        "_6",
        "_12"
      ]
    },
    "terminator: _11 = <std::sync::MutexGuard<'_, i32> as std::ops::Deref>::deref(move _12) -> [return: bb9, unwind: bb14]",
    {
      "bb14": [
        "state:",
        {
          "accessible": [],
          "owned": []
        }
      ],
      "bb9": [
        "state:",
        {
          "accessible": [
            "_1",
            "_3",
            "_6",
            "_11"
          ],
          "owned": [
            "_6",
            "_11"
          ]
        }
      ]
    }
  ],
  "bb9": [
    [
      [
        "state:",
        {
          "accessible": [
            "_1",
            "_3",
            "_6",
            "_11"
          ],
          "owned": [
            "_6",
            "_11"
          ]
        },
        "statement: _10 = (*_11)"
      ],
      [
        "state:",
        {
          "accessible": [
            "_1",
            "_6",
            "_10"
          ],
          "owned": [
            "_6",
            "_10"
          ]
        },
        "statement: StorageDead(_12)"
      ],
      [
        "state:",
        {
          "accessible": [
            "_1",
            "_6",
            "_10"
          ],
          "owned": [
            "_6",
            "_10"
          ]
        },
        "statement: _9 = Eq(move _10, const 123_i32)"
      ],
      [
        "state:",
        {
          "accessible": [
            "_1",
            "_6",
            "_9",
            "_10"
          ],
          "owned": [
            "_6",
            "_9",
            "_10"
          ]
        },
        "statement: StorageDead(_10)"
      ],
      [
        "state:",
        {
          "accessible": [
            "_1",
            "_6",
            "_9"
          ],
          "owned": [
            "_6",
            "_9"
          ]
        },
        "statement: _8 = Not(move _9)"
      ],
      [
        "state:",
        {
          "accessible": [
            "_1",
            "_6",
            "_8",
            "_9"
          ],
          "owned": [
            "_6",
            "_8",
            "_9"
          ]
        },
        "statement: StorageDead(_11)"
      ],
      [
        "state:",
        {
          "accessible": [
            "_1",
            "_6",
            "_8",
            "_9"
          ],
          "owned": [
            "_6",
            "_8",
            "_9"
          ]
        },
        "statement: StorageDead(_9)"
      ]
    ],
    "state before terminator:",
    {
      "accessible": [
        "_1",
        "_6",
        "_8"
      ],
      "owned": [
        "_6",
        "_8"
      ]
    },
    "terminator: switchInt(move _8) -> [0: bb11, otherwise: bb10]",
    {
      "bb10": [
        "state:",
        {
          "accessible": [
            "_1",
            "_6",
            "_8"
          ],
          "owned": [
            "_6",
            "_8"
          ]
        }
      ],
      "bb11": [
        "state:",
        {
          "accessible": [
            "_1",
            "_6",
            "_8"
          ],
          "owned": [
            "_6",
            "_8"
          ]
        }
      ]
    }
  ],
  "bb10": [
    [
      [
        "state:",
        {
          "accessible": [
            "_1",
            "_6",
            "_8"
          ],
          "owned": [
            "_6",
            "_8"
          ]
        },
        "statement: StorageLive(_13)"
      ]
    ],
    "state before terminator:",
    {
      "accessible": [
        "_1",
        "_6",
        "_8"
      ],
      "owned": [
        "_6",
        "_8"
      ]
    },
    "terminator: _13 = core::panicking::panic(const /"assertion failed: *guard == 123/") -> bb14",
    {
      "bb14": [
        "state:",
        {
          "accessible": [],
          "owned": []
        }
      ]
    }
  ],
  "bb11": [
    [
      [
        "state:",
        {
          "accessible": [
            "_1",
            "_6",
            "_8"
          ],
          "owned": [
            "_6",
            "_8"
          ]
        },
        "statement: _7 = const ()"
      ],
      [
        "state:",
        {
          "accessible": [
            "_1",
            "_6",
            "_7",
            "_8"
          ],
          "owned": [
            "_6",
            "_7",
            "_8"
          ]
        },
        "statement: StorageDead(_8)"
      ],
      [
        "state:",
        {
          "accessible": [
            "_1",
            "_6",
            "_7"
          ],
          "owned": [
            "_6",
            "_7"
          ]
        },
        "statement: StorageDead(_7)"
      ],
      [
        "state:",
        {
          "accessible": [
            "_1",
            "_6"
          ],
          "owned": [
            "_6"
          ]
        },
        "statement: _0 = const ()"
      ]
    ],
    "state before terminator:",
    {
      "accessible": [
        "_0",
        "_1",
        "_6"
      ],
      "owned": [
        "_0",
        "_6"
      ]
    },
    "terminator: drop(_3) -> [return: bb12, unwind: bb15]",
    {
      "bb12": [
        "state:",
        {
          "accessible": [
            "_0",
            "_1",
            "_6"
          ],
          "owned": [
            "_0",
            "_1",
            "_6"
          ]
        }
      ],
      "bb15": [
        "state:",
        {
          "accessible": [],
          "owned": []
        }
      ]
    }
  ],
  "bb12": [
    [
      [
        "state:",
        {
          "accessible": [
            "_0",
            "_1",
            "_6"
          ],
          "owned": [
            "_0",
            "_1",
            "_6"
          ]
        },
        "statement: StorageDead(_3)"
      ],
      [
        "state:",
        {
          "accessible": [
            "_0",
            "_1",
            "_6"
          ],
          "owned": [
            "_0",
            "_1",
            "_6"
          ]
        },
        "statement: StorageDead(_1)"
      ]
    ],
    "state before terminator:",
    {
      "accessible": [
        "_0",
        "_6"
      ],
      "owned": [
        "_0",
        "_6"
      ]
    },
    "terminator: goto -> bb13",
    {
      "bb13": [
        "state:",
        {
          "accessible": [
            "_0",
            "_6"
          ],
          "owned": [
            "_0",
            "_6"
          ]
        }
      ]
    }
  ],
  "bb13": [
    [],
    "state before terminator:",
    {
      "accessible": [
        "_0",
        "_6"
      ],
      "owned": [
        "_0",
        "_6"
      ]
    },
    "terminator: return",
    {}
  ],
  "bb14": [
    [],
    "state before terminator:",
    {
      "accessible": [],
      "owned": []
    },
    "terminator: drop(_3) -> bb15",
    {
      "bb15": [
        "state:",
        {
          "accessible": [],
          "owned": []
        }
      ]
    }
  ],
  "bb15": [
    [],
    "state before terminator:",
    {
      "accessible": [],
      "owned": []
    },
    "terminator: resume",
    {}
  ]
}
